Collecting numpy
  Using cached numpy-2.1.2-cp310-cp310-manylinux_2_17_x86_64.manylinux2014_x86_64.whl (16.3 MB)
Collecting torch
  Using cached torch-2.5.0-cp310-cp310-manylinux1_x86_64.whl (906.4 MB)
Collecting transformers
  Using cached transformers-4.45.2-py3-none-any.whl (9.9 MB)
Collecting datasets
  Using cached datasets-3.0.1-py3-none-any.whl (471 kB)
Collecting accelerate
  Using cached accelerate-1.0.1-py3-none-any.whl (330 kB)
Collecting nvidia-cuda-runtime-cu12==12.4.127
  Using cached nvidia_cuda_runtime_cu12-12.4.127-py3-none-manylinux2014_x86_64.whl (883 kB)
Collecting typing-extensions>=4.8.0
  Using cached typing_extensions-4.12.2-py3-none-any.whl (37 kB)
Collecting nvidia-cudnn-cu12==9.1.0.70
  Using cached nvidia_cudnn_cu12-9.1.0.70-py3-none-manylinux2014_x86_64.whl (664.8 MB)
Collecting jinja2
  Using cached jinja2-3.1.4-py3-none-any.whl (133 kB)
Collecting nvidia-curand-cu12==10.3.5.147
  Using cached nvidia_curand_cu12-10.3.5.147-py3-none-manylinux2014_x86_64.whl (56.3 MB)
Collecting nvidia-cuda-nvrtc-cu12==12.4.127
  Using cached nvidia_cuda_nvrtc_cu12-12.4.127-py3-none-manylinux2014_x86_64.whl (24.6 MB)
Collecting nvidia-nccl-cu12==2.21.5
  Using cached nvidia_nccl_cu12-2.21.5-py3-none-manylinux2014_x86_64.whl (188.7 MB)
Collecting nvidia-nvtx-cu12==12.4.127
  Using cached nvidia_nvtx_cu12-12.4.127-py3-none-manylinux2014_x86_64.whl (99 kB)
Collecting nvidia-cufft-cu12==11.2.1.3
  Using cached nvidia_cufft_cu12-11.2.1.3-py3-none-manylinux2014_x86_64.whl (211.5 MB)
Collecting nvidia-nvjitlink-cu12==12.4.127
  Using cached nvidia_nvjitlink_cu12-12.4.127-py3-none-manylinux2014_x86_64.whl (21.1 MB)
Collecting nvidia-cusolver-cu12==11.6.1.9
  Using cached nvidia_cusolver_cu12-11.6.1.9-py3-none-manylinux2014_x86_64.whl (127.9 MB)
Collecting filelock
  Using cached filelock-3.16.1-py3-none-any.whl (16 kB)
Collecting sympy==1.13.1
  Using cached sympy-1.13.1-py3-none-any.whl (6.2 MB)
Collecting triton==3.1.0
  Using cached triton-3.1.0-cp310-cp310-manylinux_2_17_x86_64.manylinux2014_x86_64.whl (209.5 MB)
Collecting nvidia-cublas-cu12==12.4.5.8
  Using cached nvidia_cublas_cu12-12.4.5.8-py3-none-manylinux2014_x86_64.whl (363.4 MB)
Collecting nvidia-cuda-cupti-cu12==12.4.127
  Using cached nvidia_cuda_cupti_cu12-12.4.127-py3-none-manylinux2014_x86_64.whl (13.8 MB)
Collecting nvidia-cusparse-cu12==12.3.1.170
  Using cached nvidia_cusparse_cu12-12.3.1.170-py3-none-manylinux2014_x86_64.whl (207.5 MB)
Collecting networkx
  Using cached networkx-3.4.2-py3-none-any.whl (1.7 MB)
Collecting fsspec
  Using cached fsspec-2024.10.0-py3-none-any.whl (179 kB)
Collecting mpmath<1.4,>=1.1.0
  Using cached mpmath-1.3.0-py3-none-any.whl (536 kB)
Collecting tqdm>=4.27
  Using cached tqdm-4.66.5-py3-none-any.whl (78 kB)
Collecting regex!=2019.12.17
  Using cached regex-2024.9.11-cp310-cp310-manylinux_2_17_x86_64.manylinux2014_x86_64.whl (782 kB)
Collecting requests
  Using cached requests-2.32.3-py3-none-any.whl (64 kB)
Collecting huggingface-hub<1.0,>=0.23.2
  Using cached huggingface_hub-0.26.1-py3-none-any.whl (447 kB)
Collecting pyyaml>=5.1
  Using cached PyYAML-6.0.2-cp310-cp310-manylinux_2_17_x86_64.manylinux2014_x86_64.whl (751 kB)
Collecting tokenizers<0.21,>=0.20
  Using cached tokenizers-0.20.1-cp310-cp310-manylinux_2_17_x86_64.manylinux2014_x86_64.whl (3.0 MB)
Collecting packaging>=20.0
  Using cached packaging-24.1-py3-none-any.whl (53 kB)
Collecting safetensors>=0.4.1
  Using cached safetensors-0.4.5-cp310-cp310-manylinux_2_17_x86_64.manylinux2014_x86_64.whl (435 kB)
Collecting dill<0.3.9,>=0.3.0
  Using cached dill-0.3.8-py3-none-any.whl (116 kB)
Collecting xxhash
  Using cached xxhash-3.5.0-cp310-cp310-manylinux_2_17_x86_64.manylinux2014_x86_64.whl (194 kB)
Collecting multiprocess
  Using cached multiprocess-0.70.17-py310-none-any.whl (134 kB)
Collecting pyarrow>=15.0.0
  Using cached pyarrow-17.0.0-cp310-cp310-manylinux_2_17_x86_64.manylinux2014_x86_64.whl (39.9 MB)
Collecting aiohttp
  Using cached aiohttp-3.10.10-cp310-cp310-manylinux_2_17_x86_64.manylinux2014_x86_64.whl (1.2 MB)
Collecting pandas
  Using cached pandas-2.2.3-cp310-cp310-manylinux_2_17_x86_64.manylinux2014_x86_64.whl (13.1 MB)
Collecting fsspec[http]<=2024.6.1,>=2023.1.0
  Using cached fsspec-2024.6.1-py3-none-any.whl (177 kB)
Collecting psutil
  Using cached psutil-6.1.0-cp36-abi3-manylinux_2_12_x86_64.manylinux2010_x86_64.manylinux_2_17_x86_64.manylinux2014_x86_64.whl (287 kB)
Collecting multidict<7.0,>=4.5
  Using cached multidict-6.1.0-cp310-cp310-manylinux_2_17_x86_64.manylinux2014_x86_64.whl (124 kB)
Collecting yarl<2.0,>=1.12.0
  Using cached yarl-1.15.5-cp310-cp310-manylinux_2_17_x86_64.manylinux2014_x86_64.whl (314 kB)
Collecting aiohappyeyeballs>=2.3.0
  Using cached aiohappyeyeballs-2.4.3-py3-none-any.whl (14 kB)
Collecting attrs>=17.3.0
  Using cached attrs-24.2.0-py3-none-any.whl (63 kB)
Collecting frozenlist>=1.1.1
  Using cached frozenlist-1.4.1-cp310-cp310-manylinux_2_5_x86_64.manylinux1_x86_64.manylinux_2_17_x86_64.manylinux2014_x86_64.whl (239 kB)
Collecting async-timeout<5.0,>=4.0
  Using cached async_timeout-4.0.3-py3-none-any.whl (5.7 kB)
Collecting aiosignal>=1.1.2
  Using cached aiosignal-1.3.1-py3-none-any.whl (7.6 kB)
Collecting certifi>=2017.4.17
  Using cached certifi-2024.8.30-py3-none-any.whl (167 kB)
Collecting urllib3<3,>=1.21.1
  Using cached urllib3-2.2.3-py3-none-any.whl (126 kB)
Collecting idna<4,>=2.5
  Using cached idna-3.10-py3-none-any.whl (70 kB)
Collecting charset-normalizer<4,>=2
  Using cached charset_normalizer-3.4.0-cp310-cp310-manylinux_2_17_x86_64.manylinux2014_x86_64.whl (144 kB)
Collecting MarkupSafe>=2.0
  Using cached MarkupSafe-3.0.2-cp310-cp310-manylinux_2_17_x86_64.manylinux2014_x86_64.whl (20 kB)
Collecting multiprocess
  Using cached multiprocess-0.70.16-py310-none-any.whl (134 kB)
Collecting tzdata>=2022.7
  Using cached tzdata-2024.2-py2.py3-none-any.whl (346 kB)
Collecting pytz>=2020.1
  Using cached pytz-2024.2-py2.py3-none-any.whl (508 kB)
Collecting python-dateutil>=2.8.2
  Using cached python_dateutil-2.9.0.post0-py2.py3-none-any.whl (229 kB)
Collecting six>=1.5
  Using cached six-1.16.0-py2.py3-none-any.whl (11 kB)
Collecting propcache>=0.2.0
  Using cached propcache-0.2.0-cp310-cp310-manylinux_2_17_x86_64.manylinux2014_x86_64.whl (208 kB)
Installing collected packages: pytz, mpmath, xxhash, urllib3, tzdata, typing-extensions, tqdm, sympy, six, safetensors, regex, pyyaml, psutil, propcache, packaging, nvidia-nvtx-cu12, nvidia-nvjitlink-cu12, nvidia-nccl-cu12, nvidia-curand-cu12, nvidia-cufft-cu12, nvidia-cuda-runtime-cu12, nvidia-cuda-nvrtc-cu12, nvidia-cuda-cupti-cu12, nvidia-cublas-cu12, numpy, networkx, MarkupSafe, idna, fsspec, frozenlist, filelock, dill, charset-normalizer, certifi, attrs, async-timeout, aiohappyeyeballs, triton, requests, python-dateutil, pyarrow, nvidia-cusparse-cu12, nvidia-cudnn-cu12, multiprocess, multidict, jinja2, aiosignal, yarl, pandas, nvidia-cusolver-cu12, huggingface-hub, torch, tokenizers, aiohttp, transformers, accelerate, datasets
ERROR: pip's dependency resolver does not currently take into account all the packages that are installed. This behaviour is the source of the following dependency conflicts.
poetry 1.2.2 requires urllib3<2.0.0,>=1.26.0, but you have urllib3 2.2.3 which is incompatible.
Successfully installed MarkupSafe-3.0.2 accelerate-1.0.1 aiohappyeyeballs-2.4.3 aiohttp-3.10.10 aiosignal-1.3.1 async-timeout-4.0.3 attrs-24.2.0 certifi-2024.8.30 charset-normalizer-3.4.0 datasets-3.0.1 dill-0.3.8 filelock-3.16.1 frozenlist-1.4.1 fsspec-2024.6.1 huggingface-hub-0.26.1 idna-3.10 jinja2-3.1.4 mpmath-1.3.0 multidict-6.1.0 multiprocess-0.70.16 networkx-3.4.2 numpy-2.1.2 nvidia-cublas-cu12-12.4.5.8 nvidia-cuda-cupti-cu12-12.4.127 nvidia-cuda-nvrtc-cu12-12.4.127 nvidia-cuda-runtime-cu12-12.4.127 nvidia-cudnn-cu12-9.1.0.70 nvidia-cufft-cu12-11.2.1.3 nvidia-curand-cu12-10.3.5.147 nvidia-cusolver-cu12-11.6.1.9 nvidia-cusparse-cu12-12.3.1.170 nvidia-nccl-cu12-2.21.5 nvidia-nvjitlink-cu12-12.4.127 nvidia-nvtx-cu12-12.4.127 packaging-24.1 pandas-2.2.3 propcache-0.2.0 psutil-6.1.0 pyarrow-17.0.0 python-dateutil-2.9.0.post0 pytz-2024.2 pyyaml-6.0.2 regex-2024.9.11 requests-2.32.3 safetensors-0.4.5 six-1.16.0 sympy-1.13.1 tokenizers-0.20.1 torch-2.5.0 tqdm-4.66.5 transformers-4.45.2 triton-3.1.0 typing-extensions-4.12.2 tzdata-2024.2 urllib3-2.2.3 xxhash-3.5.0 yarl-1.15.5
WARNING: Target directory /mnt/parscratch/users/aca22yn/python-packages/nvidia_nvjitlink_cu12-12.4.127.dist-info already exists. Specify --upgrade to force replacement.
WARNING: Target directory /mnt/parscratch/users/aca22yn/python-packages/dill already exists. Specify --upgrade to force replacement.
WARNING: Target directory /mnt/parscratch/users/aca22yn/python-packages/packaging already exists. Specify --upgrade to force replacement.
WARNING: Target directory /mnt/parscratch/users/aca22yn/python-packages/triton already exists. Specify --upgrade to force replacement.
WARNING: Target directory /mnt/parscratch/users/aca22yn/python-packages/multiprocess-0.70.16.dist-info already exists. Specify --upgrade to force replacement.
WARNING: Target directory /mnt/parscratch/users/aca22yn/python-packages/typing_extensions.py already exists. Specify --upgrade to force replacement.
WARNING: Target directory /mnt/parscratch/users/aca22yn/python-packages/yarl-1.15.5.dist-info already exists. Specify --upgrade to force replacement.
WARNING: Target directory /mnt/parscratch/users/aca22yn/python-packages/regex already exists. Specify --upgrade to force replacement.
WARNING: Target directory /mnt/parscratch/users/aca22yn/python-packages/charset_normalizer already exists. Specify --upgrade to force replacement.
WARNING: Target directory /mnt/parscratch/users/aca22yn/python-packages/_multiprocess already exists. Specify --upgrade to force replacement.
WARNING: Target directory /mnt/parscratch/users/aca22yn/python-packages/psutil-6.1.0.dist-info already exists. Specify --upgrade to force replacement.
WARNING: Target directory /mnt/parscratch/users/aca22yn/python-packages/cmake_modules already exists. Specify --upgrade to force replacement.
WARNING: Target directory /mnt/parscratch/users/aca22yn/python-packages/_yaml already exists. Specify --upgrade to force replacement.
WARNING: Target directory /mnt/parscratch/users/aca22yn/python-packages/nvidia_cuda_runtime_cu12-12.4.127.dist-info already exists. Specify --upgrade to force replacement.
WARNING: Target directory /mnt/parscratch/users/aca22yn/python-packages/xxhash-3.5.0.dist-info already exists. Specify --upgrade to force replacement.
WARNING: Target directory /mnt/parscratch/users/aca22yn/python-packages/huggingface_hub-0.26.1.dist-info already exists. Specify --upgrade to force replacement.
WARNING: Target directory /mnt/parscratch/users/aca22yn/python-packages/torchgen already exists. Specify --upgrade to force replacement.
WARNING: Target directory /mnt/parscratch/users/aca22yn/python-packages/safetensors already exists. Specify --upgrade to force replacement.
WARNING: Target directory /mnt/parscratch/users/aca22yn/python-packages/pandas already exists. Specify --upgrade to force replacement.
WARNING: Target directory /mnt/parscratch/users/aca22yn/python-packages/nvidia_curand_cu12-10.3.5.147.dist-info already exists. Specify --upgrade to force replacement.
WARNING: Target directory /mnt/parscratch/users/aca22yn/python-packages/six-1.16.0.dist-info already exists. Specify --upgrade to force replacement.
WARNING: Target directory /mnt/parscratch/users/aca22yn/python-packages/pytz already exists. Specify --upgrade to force replacement.
WARNING: Target directory /mnt/parscratch/users/aca22yn/python-packages/filelock already exists. Specify --upgrade to force replacement.
WARNING: Target directory /mnt/parscratch/users/aca22yn/python-packages/datasets already exists. Specify --upgrade to force replacement.
WARNING: Target directory /mnt/parscratch/users/aca22yn/python-packages/jinja2 already exists. Specify --upgrade to force replacement.
WARNING: Target directory /mnt/parscratch/users/aca22yn/python-packages/functorch already exists. Specify --upgrade to force replacement.
WARNING: Target directory /mnt/parscratch/users/aca22yn/python-packages/tokenizers already exists. Specify --upgrade to force replacement.
WARNING: Target directory /mnt/parscratch/users/aca22yn/python-packages/tzdata-2024.2.dist-info already exists. Specify --upgrade to force replacement.
WARNING: Target directory /mnt/parscratch/users/aca22yn/python-packages/frozenlist already exists. Specify --upgrade to force replacement.
WARNING: Target directory /mnt/parscratch/users/aca22yn/python-packages/pyarrow-17.0.0.dist-info already exists. Specify --upgrade to force replacement.
WARNING: Target directory /mnt/parscratch/users/aca22yn/python-packages/sympy already exists. Specify --upgrade to force replacement.
WARNING: Target directory /mnt/parscratch/users/aca22yn/python-packages/propcache already exists. Specify --upgrade to force replacement.
WARNING: Target directory /mnt/parscratch/users/aca22yn/python-packages/urllib3 already exists. Specify --upgrade to force replacement.
WARNING: Target directory /mnt/parscratch/users/aca22yn/python-packages/mpmath already exists. Specify --upgrade to force replacement.
WARNING: Target directory /mnt/parscratch/users/aca22yn/python-packages/mpmath-1.3.0.dist-info already exists. Specify --upgrade to force replacement.
WARNING: Target directory /mnt/parscratch/users/aca22yn/python-packages/psutil already exists. Specify --upgrade to force replacement.
WARNING: Target directory /mnt/parscratch/users/aca22yn/python-packages/numpy.libs already exists. Specify --upgrade to force replacement.
WARNING: Target directory /mnt/parscratch/users/aca22yn/python-packages/multiprocess already exists. Specify --upgrade to force replacement.
WARNING: Target directory /mnt/parscratch/users/aca22yn/python-packages/safetensors-0.4.5.dist-info already exists. Specify --upgrade to force replacement.
WARNING: Target directory /mnt/parscratch/users/aca22yn/python-packages/nvidia_cublas_cu12-12.4.5.8.dist-info already exists. Specify --upgrade to force replacement.
WARNING: Target directory /mnt/parscratch/users/aca22yn/python-packages/sympy-1.13.1.dist-info already exists. Specify --upgrade to force replacement.
WARNING: Target directory /mnt/parscratch/users/aca22yn/python-packages/idna already exists. Specify --upgrade to force replacement.
WARNING: Target directory /mnt/parscratch/users/aca22yn/python-packages/yarl already exists. Specify --upgrade to force replacement.
WARNING: Target directory /mnt/parscratch/users/aca22yn/python-packages/regex-2024.9.11.dist-info already exists. Specify --upgrade to force replacement.
WARNING: Target directory /mnt/parscratch/users/aca22yn/python-packages/nvidia_nvtx_cu12-12.4.127.dist-info already exists. Specify --upgrade to force replacement.
WARNING: Target directory /mnt/parscratch/users/aca22yn/python-packages/torch-2.5.0.dist-info already exists. Specify --upgrade to force replacement.
WARNING: Target directory /mnt/parscratch/users/aca22yn/python-packages/urllib3-2.2.3.dist-info already exists. Specify --upgrade to force replacement.
WARNING: Target directory /mnt/parscratch/users/aca22yn/python-packages/nvidia_cuda_nvrtc_cu12-12.4.127.dist-info already exists. Specify --upgrade to force replacement.
WARNING: Target directory /mnt/parscratch/users/aca22yn/python-packages/numpy-2.1.2.dist-info already exists. Specify --upgrade to force replacement.
WARNING: Target directory /mnt/parscratch/users/aca22yn/python-packages/aiohttp-3.10.10.dist-info already exists. Specify --upgrade to force replacement.
WARNING: Target directory /mnt/parscratch/users/aca22yn/python-packages/pyarrow already exists. Specify --upgrade to force replacement.
WARNING: Target directory /mnt/parscratch/users/aca22yn/python-packages/aiohttp already exists. Specify --upgrade to force replacement.
WARNING: Target directory /mnt/parscratch/users/aca22yn/python-packages/accelerate-1.0.1.dist-info already exists. Specify --upgrade to force replacement.
WARNING: Target directory /mnt/parscratch/users/aca22yn/python-packages/aiohappyeyeballs already exists. Specify --upgrade to force replacement.
WARNING: Target directory /mnt/parscratch/users/aca22yn/python-packages/six.py already exists. Specify --upgrade to force replacement.
WARNING: Target directory /mnt/parscratch/users/aca22yn/python-packages/attrs already exists. Specify --upgrade to force replacement.
WARNING: Target directory /mnt/parscratch/users/aca22yn/python-packages/aiosignal-1.3.1.dist-info already exists. Specify --upgrade to force replacement.
WARNING: Target directory /mnt/parscratch/users/aca22yn/python-packages/torch already exists. Specify --upgrade to force replacement.
WARNING: Target directory /mnt/parscratch/users/aca22yn/python-packages/nvidia_cudnn_cu12-9.1.0.70.dist-info already exists. Specify --upgrade to force replacement.
WARNING: Target directory /mnt/parscratch/users/aca22yn/python-packages/nvidia already exists. Specify --upgrade to force replacement.
WARNING: Target directory /mnt/parscratch/users/aca22yn/python-packages/networkx-3.4.2.dist-info already exists. Specify --upgrade to force replacement.
WARNING: Target directory /mnt/parscratch/users/aca22yn/python-packages/packaging-24.1.dist-info already exists. Specify --upgrade to force replacement.
WARNING: Target directory /mnt/parscratch/users/aca22yn/python-packages/tzdata already exists. Specify --upgrade to force replacement.
WARNING: Target directory /mnt/parscratch/users/aca22yn/python-packages/attr already exists. Specify --upgrade to force replacement.
WARNING: Target directory /mnt/parscratch/users/aca22yn/python-packages/benchmarks already exists. Specify --upgrade to force replacement.
WARNING: Target directory /mnt/parscratch/users/aca22yn/python-packages/propcache-0.2.0.dist-info already exists. Specify --upgrade to force replacement.
WARNING: Target directory /mnt/parscratch/users/aca22yn/python-packages/xxhash already exists. Specify --upgrade to force replacement.
WARNING: Target directory /mnt/parscratch/users/aca22yn/python-packages/dill-0.3.8.dist-info already exists. Specify --upgrade to force replacement.
WARNING: Target directory /mnt/parscratch/users/aca22yn/python-packages/transformers-4.45.2.dist-info already exists. Specify --upgrade to force replacement.
WARNING: Target directory /mnt/parscratch/users/aca22yn/python-packages/multidict-6.1.0.dist-info already exists. Specify --upgrade to force replacement.
WARNING: Target directory /mnt/parscratch/users/aca22yn/python-packages/pytz-2024.2.dist-info already exists. Specify --upgrade to force replacement.
WARNING: Target directory /mnt/parscratch/users/aca22yn/python-packages/async_timeout already exists. Specify --upgrade to force replacement.
WARNING: Target directory /mnt/parscratch/users/aca22yn/python-packages/attrs-24.2.0.dist-info already exists. Specify --upgrade to force replacement.
WARNING: Target directory /mnt/parscratch/users/aca22yn/python-packages/nvidia_cufft_cu12-11.2.1.3.dist-info already exists. Specify --upgrade to force replacement.
WARNING: Target directory /mnt/parscratch/users/aca22yn/python-packages/tqdm-4.66.5.dist-info already exists. Specify --upgrade to force replacement.
WARNING: Target directory /mnt/parscratch/users/aca22yn/python-packages/requests already exists. Specify --upgrade to force replacement.
WARNING: Target directory /mnt/parscratch/users/aca22yn/python-packages/nvidia_cusparse_cu12-12.3.1.170.dist-info already exists. Specify --upgrade to force replacement.
WARNING: Target directory /mnt/parscratch/users/aca22yn/python-packages/accelerate already exists. Specify --upgrade to force replacement.
WARNING: Target directory /mnt/parscratch/users/aca22yn/python-packages/markupsafe already exists. Specify --upgrade to force replacement.
WARNING: Target directory /mnt/parscratch/users/aca22yn/python-packages/pandas-2.2.3.dist-info already exists. Specify --upgrade to force replacement.
WARNING: Target directory /mnt/parscratch/users/aca22yn/python-packages/typing_extensions-4.12.2.dist-info already exists. Specify --upgrade to force replacement.
WARNING: Target directory /mnt/parscratch/users/aca22yn/python-packages/nvidia_cuda_cupti_cu12-12.4.127.dist-info already exists. Specify --upgrade to force replacement.
WARNING: Target directory /mnt/parscratch/users/aca22yn/python-packages/multidict already exists. Specify --upgrade to force replacement.
WARNING: Target directory /mnt/parscratch/users/aca22yn/python-packages/numpy already exists. Specify --upgrade to force replacement.
WARNING: Target directory /mnt/parscratch/users/aca22yn/python-packages/tokenizers-0.20.1.dist-info already exists. Specify --upgrade to force replacement.
WARNING: Target directory /mnt/parscratch/users/aca22yn/python-packages/nvidia_cusolver_cu12-11.6.1.9.dist-info already exists. Specify --upgrade to force replacement.
WARNING: Target directory /mnt/parscratch/users/aca22yn/python-packages/__pycache__ already exists. Specify --upgrade to force replacement.
WARNING: Target directory /mnt/parscratch/users/aca22yn/python-packages/python_dateutil-2.9.0.post0.dist-info already exists. Specify --upgrade to force replacement.
WARNING: Target directory /mnt/parscratch/users/aca22yn/python-packages/filelock-3.16.1.dist-info already exists. Specify --upgrade to force replacement.
WARNING: Target directory /mnt/parscratch/users/aca22yn/python-packages/aiosignal already exists. Specify --upgrade to force replacement.
WARNING: Target directory /mnt/parscratch/users/aca22yn/python-packages/async_timeout-4.0.3.dist-info already exists. Specify --upgrade to force replacement.
WARNING: Target directory /mnt/parscratch/users/aca22yn/python-packages/dateutil already exists. Specify --upgrade to force replacement.
WARNING: Target directory /mnt/parscratch/users/aca22yn/python-packages/scripts already exists. Specify --upgrade to force replacement.
WARNING: Target directory /mnt/parscratch/users/aca22yn/python-packages/aiohappyeyeballs-2.4.3.dist-info already exists. Specify --upgrade to force replacement.
WARNING: Target directory /mnt/parscratch/users/aca22yn/python-packages/MarkupSafe-3.0.2.dist-info already exists. Specify --upgrade to force replacement.
WARNING: Target directory /mnt/parscratch/users/aca22yn/python-packages/networkx already exists. Specify --upgrade to force replacement.
WARNING: Target directory /mnt/parscratch/users/aca22yn/python-packages/fsspec already exists. Specify --upgrade to force replacement.
WARNING: Target directory /mnt/parscratch/users/aca22yn/python-packages/certifi-2024.8.30.dist-info already exists. Specify --upgrade to force replacement.
WARNING: Target directory /mnt/parscratch/users/aca22yn/python-packages/frozenlist-1.4.1.dist-info already exists. Specify --upgrade to force replacement.
WARNING: Target directory /mnt/parscratch/users/aca22yn/python-packages/examples already exists. Specify --upgrade to force replacement.
WARNING: Target directory /mnt/parscratch/users/aca22yn/python-packages/yaml already exists. Specify --upgrade to force replacement.
WARNING: Target directory /mnt/parscratch/users/aca22yn/python-packages/PyYAML-6.0.2.dist-info already exists. Specify --upgrade to force replacement.
WARNING: Target directory /mnt/parscratch/users/aca22yn/python-packages/isympy.py already exists. Specify --upgrade to force replacement.
WARNING: Target directory /mnt/parscratch/users/aca22yn/python-packages/idna-3.10.dist-info already exists. Specify --upgrade to force replacement.
WARNING: Target directory /mnt/parscratch/users/aca22yn/python-packages/huggingface_hub already exists. Specify --upgrade to force replacement.
WARNING: Target directory /mnt/parscratch/users/aca22yn/python-packages/requests-2.32.3.dist-info already exists. Specify --upgrade to force replacement.
WARNING: Target directory /mnt/parscratch/users/aca22yn/python-packages/certifi already exists. Specify --upgrade to force replacement.
WARNING: Target directory /mnt/parscratch/users/aca22yn/python-packages/fsspec-2024.6.1.dist-info already exists. Specify --upgrade to force replacement.
WARNING: Target directory /mnt/parscratch/users/aca22yn/python-packages/datasets-3.0.1.dist-info already exists. Specify --upgrade to force replacement.
WARNING: Target directory /mnt/parscratch/users/aca22yn/python-packages/jinja2-3.1.4.dist-info already exists. Specify --upgrade to force replacement.
WARNING: Target directory /mnt/parscratch/users/aca22yn/python-packages/tqdm already exists. Specify --upgrade to force replacement.
WARNING: Target directory /mnt/parscratch/users/aca22yn/python-packages/nvidia_nccl_cu12-2.21.5.dist-info already exists. Specify --upgrade to force replacement.
WARNING: Target directory /mnt/parscratch/users/aca22yn/python-packages/charset_normalizer-3.4.0.dist-info already exists. Specify --upgrade to force replacement.
WARNING: Target directory /mnt/parscratch/users/aca22yn/python-packages/triton-3.1.0.dist-info already exists. Specify --upgrade to force replacement.
WARNING: Target directory /mnt/parscratch/users/aca22yn/python-packages/transformers already exists. Specify --upgrade to force replacement.
WARNING: Target directory /mnt/parscratch/users/aca22yn/python-packages/share already exists. Specify --upgrade to force replacement.
WARNING: Target directory /mnt/parscratch/users/aca22yn/python-packages/bin already exists. Specify --upgrade to force replacement.

[notice] A new release of pip available: 22.3.1 -> 24.2
[notice] To update, run: pip install --upgrade pip
/mnt/parscratch/users/aca22yn/python-packages/transformers/utils/hub.py:128: FutureWarning: Using `TRANSFORMERS_CACHE` is deprecated and will be removed in v5 of Transformers. Use `HF_HOME` instead.
  warnings.warn(
torch 2.5.0
transformers 4.45.2
accelerate 1.0.1
# of gpus:  0
loading llm model meta-llama/Llama-3.2-1B-Instruct
Traceback (most recent call last):
  File "/mnt/parscratch/users/aca22yn/python-packages/huggingface_hub/utils/_http.py", line 406, in hf_raise_for_status
    response.raise_for_status()
  File "/mnt/parscratch/users/aca22yn/python-packages/requests/models.py", line 1024, in raise_for_status
    raise HTTPError(http_error_msg, response=self)
requests.exceptions.HTTPError: 401 Client Error: Unauthorized for url: https://huggingface.co/meta-llama/Llama-3.2-1B-Instruct/resolve/main/config.json

The above exception was the direct cause of the following exception:

Traceback (most recent call last):
  File "/mnt/parscratch/users/aca22yn/python-packages/transformers/utils/hub.py", line 403, in cached_file
    resolved_file = hf_hub_download(
  File "/mnt/parscratch/users/aca22yn/python-packages/huggingface_hub/utils/_validators.py", line 114, in _inner_fn
    return fn(*args, **kwargs)
  File "/mnt/parscratch/users/aca22yn/python-packages/huggingface_hub/file_download.py", line 862, in hf_hub_download
    return _hf_hub_download_to_cache_dir(
  File "/mnt/parscratch/users/aca22yn/python-packages/huggingface_hub/file_download.py", line 969, in _hf_hub_download_to_cache_dir
    _raise_on_head_call_error(head_call_error, force_download, local_files_only)
  File "/mnt/parscratch/users/aca22yn/python-packages/huggingface_hub/file_download.py", line 1484, in _raise_on_head_call_error
    raise head_call_error
  File "/mnt/parscratch/users/aca22yn/python-packages/huggingface_hub/file_download.py", line 1376, in _get_metadata_or_catch_error
    metadata = get_hf_file_metadata(
  File "/mnt/parscratch/users/aca22yn/python-packages/huggingface_hub/utils/_validators.py", line 114, in _inner_fn
    return fn(*args, **kwargs)
  File "/mnt/parscratch/users/aca22yn/python-packages/huggingface_hub/file_download.py", line 1296, in get_hf_file_metadata
    r = _request_wrapper(
  File "/mnt/parscratch/users/aca22yn/python-packages/huggingface_hub/file_download.py", line 277, in _request_wrapper
    response = _request_wrapper(
  File "/mnt/parscratch/users/aca22yn/python-packages/huggingface_hub/file_download.py", line 301, in _request_wrapper
    hf_raise_for_status(response)
  File "/mnt/parscratch/users/aca22yn/python-packages/huggingface_hub/utils/_http.py", line 423, in hf_raise_for_status
    raise _format(GatedRepoError, message, response) from e
huggingface_hub.errors.GatedRepoError: 401 Client Error. (Request ID: Root=1-671661ef-78c38b9c04e18ff669bd4e38;43fa147e-fa2c-4c6e-8426-56f53a496333)

Cannot access gated repo for url https://huggingface.co/meta-llama/Llama-3.2-1B-Instruct/resolve/main/config.json.
Access to model meta-llama/Llama-3.2-1B-Instruct is restricted. You must have access to it and be authenticated to access it. Please log in.

The above exception was the direct cause of the following exception:

Traceback (most recent call last):
  File "/mnt/parscratch/users/aca22yn/wanda/main.py", line 112, in <module>
    main()
  File "/mnt/parscratch/users/aca22yn/wanda/main.py", line 61, in main
    tokenizer = AutoTokenizer.from_pretrained(args.model, use_fast=False)
  File "/mnt/parscratch/users/aca22yn/python-packages/transformers/models/auto/tokenization_auto.py", line 864, in from_pretrained
    config = AutoConfig.from_pretrained(
  File "/mnt/parscratch/users/aca22yn/python-packages/transformers/models/auto/configuration_auto.py", line 1006, in from_pretrained
    config_dict, unused_kwargs = PretrainedConfig.get_config_dict(pretrained_model_name_or_path, **kwargs)
  File "/mnt/parscratch/users/aca22yn/python-packages/transformers/configuration_utils.py", line 570, in get_config_dict
    config_dict, kwargs = cls._get_config_dict(pretrained_model_name_or_path, **kwargs)
  File "/mnt/parscratch/users/aca22yn/python-packages/transformers/configuration_utils.py", line 629, in _get_config_dict
    resolved_config_file = cached_file(
  File "/mnt/parscratch/users/aca22yn/python-packages/transformers/utils/hub.py", line 421, in cached_file
    raise EnvironmentError(
OSError: You are trying to access a gated repo.
Make sure to have access to it at https://huggingface.co/meta-llama/Llama-3.2-1B-Instruct.
401 Client Error. (Request ID: Root=1-671661ef-78c38b9c04e18ff669bd4e38;43fa147e-fa2c-4c6e-8426-56f53a496333)

Cannot access gated repo for url https://huggingface.co/meta-llama/Llama-3.2-1B-Instruct/resolve/main/config.json.
Access to model meta-llama/Llama-3.2-1B-Instruct is restricted. You must have access to it and be authenticated to access it. Please log in.
